../Drivers/CMSIS/Include/core_cm4.h:1939:34:__NVIC_SystemReset	4	static,ignoring_inline_asm
../Core/Src/M66.c:78:6:Delay	24	static
../Core/Src/M66.c:127:6:Initialize_Modem	8	static
../Core/Src/M66.c:217:6:SSL_Config	8	static
../Core/Src/M66.c:328:6:AWS_MQTT	392	static
../Core/Src/M66.c:370:10:receive_data	24	static
../Core/Src/M66.c:415:6:handle_default_byte	16	static
../Core/Src/M66.c:436:6:handle_mqtt_byte	16	static
../Core/Src/M66.c:460:6:handle_mqtt_message	40	static
../Core/Src/M66.c:623:6:download_firmware	152	static
../Core/Src/M66.c:703:6:verify_firmware_update	24	static
../Core/Src/M66.c:727:6:is_firmware_size_valid	16	static
../Core/Src/M66.c:731:10:extract_received_crc	24	static
../Core/Src/M66.c:738:10:calculate_crc32	32	static
../Core/Src/M66.c:756:6:write_firmware_to_flash	64	static
../Core/Src/M66.c:808:6:set_update_flag	8	static
../Core/Src/M66.c:818:6:firmware_update_handler	8	static
../Core/Src/M66.c:877:6:resetAction	4	static
../Core/Src/M66.c:881:6:firmware_update_process	40	static
../Core/Src/M66.c:1003:7:find_end_marker	24	static
../Core/Src/M66.c:1012:19:erase_flash	48	static
../Core/Src/M66.c:1049:19:write_to_flash	40	static
../Core/Src/M66.c:1078:10:get_flash_sector	24	static
../Core/Src/M66.c:1098:6:clear_uart_buffer	4	static
../Core/Src/M66.c:1103:10:find_end_marker_position	24	static
