../Drivers/CMSIS/Include/core_cm4.h:1939:34:__NVIC_SystemReset	4	static,ignoring_inline_asm
../Core/Src/M66.c:79:6:Delay	24	static
../Core/Src/M66.c:91:6:Initialize_Modem	8	static
../Core/Src/M66.c:180:6:SSL_Config	8	static
../Core/Src/M66.c:291:6:AWS_MQTT	392	static
../Core/Src/M66.c:327:10:receive_data	24	static
../Core/Src/M66.c:354:6:handle_default_byte	16	static
../Core/Src/M66.c:375:6:handle_mqtt_byte	16	static
../Core/Src/M66.c:399:6:handle_mqtt_message	40	static
../Core/Src/M66.c:423:6:download_firmware	152	static
../Core/Src/M66.c:543:6:verify_firmware_update	24	static
../Core/Src/M66.c:563:6:is_firmware_size_valid	16	static
../Core/Src/M66.c:567:10:extract_received_crc	24	static
../Core/Src/M66.c:574:10:calculate_crc32	32	static
../Core/Src/M66.c:592:6:write_firmware_to_flash	64	static
../Core/Src/M66.c:644:6:set_update_flag	8	static
../Core/Src/M66.c:654:6:firmware_update_handler	8	static
../Core/Src/M66.c:715:6:resetAction	4	static
../Core/Src/M66.c:719:6:firmware_update_process	48	static
../Core/Src/M66.c:885:7:find_end_marker	24	static
../Core/Src/M66.c:894:19:erase_flash	48	static
../Core/Src/M66.c:931:19:write_to_flash	40	static
../Core/Src/M66.c:966:10:get_flash_sector	24	static
../Core/Src/M66.c:986:6:clear_uart_buffer	4	static
../Core/Src/M66.c:991:10:find_end_marker_position	24	static
../Core/Src/M66.c:1000:6:check_for_uart_error	8	static
