../Core/Src/main.c:77:6:LED_Init	4	static
../Core/Src/main.c:86:6:LED_Toggle	4	static
../Core/Src/main.c:98:5:main	8	static
../Core/Src/main.c:159:6:SystemClock_Config	88	static
../Core/Src/main.c:205:13:MX_I2C1_Init	8	static
../Core/Src/main.c:239:14:MX_SPI1_Init	8	static
../Core/Src/main.c:277:13:MX_USART2_UART_Init	8	static
../Core/Src/main.c:310:13:MX_USART3_UART_Init	8	static
../Core/Src/main.c:343:13:MX_GPIO_Init	56	static
../Core/Src/main.c:462:6:modem_setup	8	static
../Core/Src/main.c:477:6:Error_Handler	4	static,ignoring_inline_asm
