../Core/Src/main.c:80:6:jump_to_application	24	static,ignoring_inline_asm
../Core/Src/main.c:89:10:calculate_crc32	32	static
../Core/Src/main.c:107:6:is_timeout_expired	24	static
../Core/Src/main.c:113:6:update_application	64	static
../Core/Src/main.c:168:6:bootloader_function	32	static
../Core/Src/main.c:206:5:bl_main	8	static
../Core/Src/main.c:250:6:SystemClock_Config	88	static
../Core/Src/main.c:297:13:MX_GPIO_Init	56	static
../Core/Src/main.c:442:6:Error_Handler	4	static,ignoring_inline_asm
