11:54:21 **** Incremental Build of configuration Debug for project BootloaderProject ****
make -j8 all 
arm-none-eabi-gcc "../Core/Src/bootloader.c" -mcpu=cortex-m4 -std=gnu11 -g3 -DDEBUG -DUSE_HAL_DRIVER -DSTM32F407xx -c -I../Core/Inc -I../Drivers/STM32F4xx_HAL_Driver/Inc -I../Drivers/STM32F4xx_HAL_Driver/Inc/Legacy -I../Drivers/CMSIS/Device/ST/STM32F4xx/Include -I../Drivers/CMSIS/Include -O0 -ffunction-sections -fdata-sections -Wall -fstack-usage -fcyclomatic-complexity -MMD -MP -MF"Core/Src/bootloader.d" -MT"Core/Src/bootloader.o" --specs=nano.specs -mfpu=fpv4-sp-d16 -mfloat-abi=hard -mthumb -o "Core/Src/bootloader.o"
arm-none-eabi-gcc -o "BootloaderProject.elf" @"objects.list"   -mcpu=cortex-m4 -T"E:\STM_M66\BootloaderProject\STM32F407VGTX_FLASH.ld" --specs=nosys.specs -Wl,-Map="BootloaderProject.map" -Wl,--gc-sections -static --specs=nano.specs -mfpu=fpv4-sp-d16 -mfloat-abi=hard -mthumb -Wl,--start-group -lc -lm -Wl,--end-group
Finished building target: BootloaderProject.elf
 
arm-none-eabi-size   BootloaderProject.elf 
arm-none-eabi-objdump -h -S  BootloaderProject.elf  > "BootloaderProject.list"
arm-none-eabi-objcopy  -O ihex  BootloaderProject.elf  "BootloaderProject.hex"
arm-none-eabi-objcopy  -O binary  BootloaderProject.elf  "BootloaderProject.bin"
   text	   data	    bss	    dec	    hex	filename
   9864	     28	   9796	  19688	   4ce8	BootloaderProject.elf
Finished building: default.size.stdout
 
Finished building: BootloaderProject.list
Finished building: BootloaderProject.hex
Finished building: BootloaderProject.bin
 
 
 
11:54:29 **** Incremental Build of configuration Debug for project STM32_M66 ****
make -j8 all 
arm-none-eabi-size   STM32_M66.elf 
   text	   data	    bss	    dec	    hex	filename
  45848	    512	  15624	  61984	   f220	STM32_M66.elf
Finished building: default.size.stdout
 
11:54:30 **** Incremental Build of configuration Debug for project BootloaderProject ****
make -j8 all 
arm-none-eabi-size   BootloaderProject.elf 
   text	   data	    bss	    dec	    hex	filename
   9864	     28	   9796	  19688	   4ce8	BootloaderProject.elf
Finished building: default.size.stdout
 
